   Woah! You appear to be trying to run flutter as root.
   We strongly recommend running the flutter tool without superuser privileges.
  /
📎
Resolving dependencies...
Downloading packages...
  _flutterfire_internals 1.3.59 (1.3.75 available)
  app_links 6.4.1 (7.2.1 available)
  app_links_platform_interface 2.0.2 (2.0.4 available)
  async 2.12.0 (2.13.1 available)
  audioplayers 6.6.0 (6.8.1 available)
  audioplayers_android 5.2.1 (5.3.0 available)
  audioplayers_darwin 6.4.0 (6.5.0 available)
  audioplayers_linux 4.2.1 (4.3.0 available)
  audioplayers_platform_interface 7.1.1 (7.2.0 available)
  audioplayers_web 5.2.0 (5.3.0 available)
  audioplayers_windows 4.3.0 (4.4.1 available)
  characters 1.4.0 (1.4.1 available)
  cross_file 0.3.4+2 (0.3.5+4 available)
  cupertino_icons 1.0.8 (1.0.9 available)
  dbus 0.7.12 (0.7.14 available)
  facebook_app_events 0.28.0 (0.30.3 available)
  fake_async 1.3.2 (1.3.3 available)
  ffi 2.1.3 (2.2.0 available)
  file_selector_linux 0.9.3+2 (0.9.4 available)
  file_selector_macos 0.9.4+3 (0.9.5 available)
  file_selector_platform_interface 2.6.2 (2.7.0 available)
  file_selector_windows 0.9.3+4 (0.9.3+5 available)
  firebase_auth 5.7.0 (6.5.6 available)
  firebase_auth_platform_interface 7.7.3 (9.0.5 available)
  firebase_auth_web 5.15.3 (6.2.5 available)
  firebase_core 3.15.2 (4.12.1 available)
  firebase_core_platform_interface 6.0.3 (8.0.0 available)
  firebase_core_web 2.24.1 (3.9.1 available)
  firebase_messaging 15.2.10 (16.4.3 available)
  firebase_messaging_platform_interface 4.6.10 (4.9.2 available)
  firebase_messaging_web 3.10.10 (4.2.3 available)
  flutter_cache_manager 3.4.1 (3.4.2 available)
  flutter_lints 4.0.0 (6.0.0 available)
  flutter_local_notifications 17.2.4 (22.2.0 available)
  flutter_local_notifications_linux 4.0.1 (8.0.1 available)
  flutter_local_notifications_platform_interface 7.2.0 (12.1.0 available)
  flutter_plugin_android_lifecycle 2.0.29 (2.0.35 available)
  flutter_svg 2.2.0 (2.3.0 available)
  font_awesome_flutter 10.9.1 (11.0.0 available)
  geolocator 13.0.4 (14.0.3 available)
  geolocator_android 4.6.2 (5.0.3 available)
  geolocator_apple 2.3.13 (2.3.14 available)
  geolocator_platform_interface 4.2.6 (4.2.8 available)
  geolocator_web 4.1.3 (4.1.4 available)
  google_sign_in 6.3.0 (7.2.0 available)
  google_sign_in_android 6.2.1 (7.2.16 available)
  google_sign_in_ios 5.9.0 (6.3.0 available)
  google_sign_in_platform_interface 2.5.0 (3.1.0 available)
  google_sign_in_web 0.12.4+4 (1.1.3 available)
  image_picker 1.2.0 (1.2.3 available)
  image_picker_android 0.8.13 (0.8.13+19 available)
  image_picker_for_web 3.1.0 (3.1.1 available)
  image_picker_ios 0.8.13 (0.8.13+6 available)
  image_picker_macos 0.2.2 (0.2.2+1 available)
  image_picker_platform_interface 2.11.0 (2.11.1 available)
  intl 0.19.0 (0.20.3 available)
  leak_tracker 10.0.8 (11.0.2 available)
  leak_tracker_flutter_testing 3.0.9 (3.0.10 available)
  leak_tracker_testing 3.0.1 (3.0.2 available)
  lints 4.0.0 (6.1.0 available)
  matcher 0.12.17 (0.12.20 available)
  material_color_utilities 0.11.1 (0.13.0 available)
  meta 1.16.0 (1.19.0 available)
  mobile_scanner 6.0.11 (7.4.0 available)
  path_provider 2.1.5 (2.1.6 available)
  path_provider_android 2.2.17 (2.3.1 available)
  path_provider_foundation 2.4.1 (2.6.0 available)
  path_provider_linux 2.2.1 (2.2.2 available)
  path_provider_platform_interface 2.1.2 (2.1.3 available)
  permission_handler 11.4.0 (13.0.0 available)
  permission_handler_android 12.1.0 (14.0.0 available)
  permission_handler_apple 9.4.8 (9.5.0 available)
  permission_handler_html 0.1.3+5 (0.1.4+1 available)
  permission_handler_platform_interface 4.3.0 (4.4.0 available)
  permission_handler_windows 0.2.1 (0.2.2 available)
  petitparser 6.0.2 (7.0.2 available)
  qr 3.0.2 (4.0.0 available)
  record 6.2.1 (7.1.1 available)
  record_android 1.5.2 (2.1.2 available)
  record_ios 1.2.1 (2.1.1 available)
  record_linux 1.3.1 (2.1.1 available)
  record_macos 1.2.2 (2.1.1 available)
  record_platform_interface 1.6.0 (2.1.0 available)
  record_web 1.3.0 (2.1.2 available)
  record_windows 1.0.7 (2.2.3 available)
  share_plus 10.1.4 (13.3.0 available)
  share_plus_platform_interface 5.0.2 (7.2.0 available)
  shared_preferences 2.5.3 (2.5.5 available)
  shared_preferences_android 2.4.11 (2.4.27 available)
  shared_preferences_foundation 2.5.4 (2.5.6 available)
  shared_preferences_platform_interface 2.4.1 (2.4.2 available)
  sign_in_with_apple 7.0.1 (8.1.0 available)
  source_span 1.10.1 (1.10.2 available)
  sqflite 2.4.1 (2.4.3 available)
  sqflite_android 2.4.0 (2.4.3 available)
  sqflite_common 2.5.4+6 (2.5.11 available)
  sqflite_darwin 2.4.1+1 (2.4.3+1 available)
  sqflite_platform_interface 2.4.0 (2.4.1 available)
  synchronized 3.3.0+3 (3.4.1+1 available)
  test_api 0.7.4 (0.7.13 available)
  timezone 0.9.4 (0.11.1 available)
  url_launcher_android 6.3.17 (6.3.32 available)
  url_launcher_ios 6.3.3 (6.4.1 available)
  url_launcher_linux 3.2.1 (3.2.2 available)
  url_launcher_macos 3.2.2 (3.2.5 available)
  url_launcher_web 2.4.1 (2.4.3 available)
  url_launcher_windows 3.1.4 (3.1.5 available)
  uuid 4.5.3 (4.6.0 available)
  vector_graphics 1.1.19 (1.2.3 available)
  vector_graphics_compiler 1.1.18 (1.3.0 available)
  vector_math 2.1.4 (2.4.2 available)
  video_player 2.10.0 (2.13.0 available)
  video_player_android 2.8.4 (2.12.0 available)
  video_player_avfoundation 2.8.4 (2.11.0 available)
  video_player_platform_interface 6.4.0 (6.9.0 available)
  vm_service 14.3.1 (15.2.0 available)
  webview_flutter 4.13.0 (4.14.1 available)
  webview_flutter_android 4.10.0 (4.13.0 available)
  webview_flutter_platform_interface 2.14.0 (2.15.1 available)
  webview_flutter_wkwebview 3.23.0 (3.26.0 available)
  win32 5.10.1 (6.3.0 available)
  xml 6.5.0 (7.0.1 available)
Got dependencies!
122 packages have newer versions incompatible with dependency constraints.
Try `flutter pub outdated` for more information.

Running Gradle task 'bundleRelease'...                          
Your project is configured with Android NDK 26.3.11579264, but the following plugin(s) depend on a different Android NDK version:
- app_links requires Android NDK 27.0.12077973
- audioplayers_android requires Android NDK 27.0.12077973
- facebook_app_events requires Android NDK 27.0.12077973
- firebase_auth requires Android NDK 27.0.12077973
- firebase_core requires Android NDK 27.0.12077973
- firebase_messaging requires Android NDK 27.0.12077973
- flutter_local_notifications requires Android NDK 27.0.12077973
- flutter_plugin_android_lifecycle requires Android NDK 27.0.12077973
- geolocator_android requires Android NDK 27.0.12077973
- google_sign_in_android requires Android NDK 27.0.12077973
- image_picker_android requires Android NDK 27.0.12077973
- mobile_scanner requires Android NDK 27.0.12077973
- path_provider_android requires Android NDK 27.0.12077973
- permission_handler_android requires Android NDK 27.0.12077973
- record_android requires Android NDK 27.0.12077973
- share_plus requires Android NDK 27.0.12077973
- shared_preferences_android requires Android NDK 27.0.12077973
- sign_in_with_apple requires Android NDK 27.0.12077973
- sqflite_android requires Android NDK 27.0.12077973
- url_launcher_android requires Android NDK 27.0.12077973
- video_player_android requires Android NDK 27.0.12077973
- webview_flutter_android requires Android NDK 27.0.12077973
Fix this issue by using the highest Android NDK version (they are backward compatible).
Add the following to /root/uellow_app/android/app/build.gradle:

    android {
        ndkVersion = "27.0.12077973"
        ...
    }

Note: Some input files use or override a deprecated API.
Note: Recompile with -Xlint:deprecation for details.
   Woah! You appear to be trying to run flutter as root.
   We strongly recommend running the flutter tool without superuser privileges.
  /
📎
Font asset "fa-brands-400.ttf" was tree-shaken, reducing it from 210792 to 2296 bytes (98.9% reduction). Tree-shaking can be disabled by providing the --no-tree-shake-icons flag when building your app.
Font asset "MaterialIcons-Regular.otf" was tree-shaken, reducing it from 1645184 to 41584 bytes (97.5% reduction). Tree-shaking can be disabled by providing the --no-tree-shake-icons flag when building your app.
Caught exception: Already watching path: /root/uellow_app/android
Running Gradle task 'bundleRelease'...                            396.0s
✓ Built build/app/outputs/bundle/release/app-release.aab (47.4MB)
BUILD_AAB_DONE
